============================= test session starts ==============================
platform linux -- Python 3.8.10, pytest-6.2.5, py-1.10.0, pluggy-1.0.0 -- /usr/bin/python3
cachedir: .pytest_cache
rootdir: /python_project
collecting ... collected 0 items

============================ no tests ran in 0.01s =============================
